{
	"oldNextGenTitles": [
		"TOOL USE",
		"Tool Use Formatting",
		"Tools",
		"execute_command",
		"read_file",
		"write_to_file",
		"replace_in_file",
		"list_files",
		"list_code_definition_names",
		"browser_action",
		"web_fetch",
		"use_mcp_tool",
		"access_mcp_resource",
		"search_files",
		"ask_followup_question",
		"attempt_completion",
		"new_task",
		"plan_mode_respond",
		"load_mcp_documentation",
		"Tool Use Examples",
		"Example 1: Requesting to execute a command",
		"Example 2: Requesting to create a new file",
		"Example 3: Creating a new task",
		"Example 4: Requesting to make targeted edits to a file",
		"Example 5: Requesting to use an MCP tool",
		"Example 6: Another example of using an MCP tool (where the server name is a unique identifier such as a URL)",
		"Tool Use Guidelines",
		"AUTOMATIC TODO LIST MANAGEMENT",
		"MCP SERVERS",
		"Connected MCP Servers",
		"test-server (`test`)",
		"Available Tools",
		"EDITING FILES",
		"write_to_file",
		"Purpose",
		"When to Use",
		"Important Considerations",
		"replace_in_file",
		"Purpose",
		"When to Use",
		"Advantages",
		"Choosing the Appropriate Tool",
		"Auto-formatting Considerations",
		"Workflow Tips",
		"What is PLAN MODE?",
		"UPDATING TASK PROGRESS",
		"CAPABILITIES",
		"RULES",
		"SYSTEM INFORMATION",
		"OBJECTIVE"
	],
	"newNextGenTitles": [
		"TOOL USE",
		"Tool Use Formatting",
		"Tools",
		"execute_command",
		"read_file",
		"write_to_file",
		"replace_in_file",
		"search_files",
		"list_files",
		"list_code_definition_names",
		"browser_action",
		"web_fetch",
		"use_mcp_tool",
		"access_mcp_resource",
		"ask_followup_question",
		"attempt_completion",
		"new_task",
		"plan_mode_respond",
		"load_mcp_documentation",
		"Tool Use Examples",
		"Example 1: Requesting to execute a command",
		"Example 2: Requesting to create a new file",
		"Example 3: Creating a new task",
		"Example 4: Requesting to make targeted edits to a file",
		"Example 5: Requesting to use an MCP tool",
		"Example 6: Another example of using an MCP tool (where the server name is a unique identifier such as a URL)",
		"Tool Use Guidelines",
		"UPDATING TASK PROGRESS",
		"MCP SERVERS",
		"Connected MCP Servers",
		"test-server (`test`)",
		"Available Tools",
		"EDITING FILES",
		"write_to_file",
		"Purpose",
		"When to Use",
		"Important Considerations",
		"replace_in_file",
		"Purpose",
		"When to Use",
		"Advantages",
		"Choosing the Appropriate Tool",
		"Auto-formatting Considerations",
		"Workflow Tips",
		"What is PLAN MODE?",
		"AUTOMATIC TODO LIST MANAGEMENT",
		"CAPABILITIES",
		"RULES",
		"SYSTEM INFORMATION",
		"OBJECTIVE"
	],
	"oldGenericTitles": [
		"TOOL USE",
		"Tool Use Formatting",
		"Tools",
		"execute_command",
		"read_file",
		"write_to_file",
		"replace_in_file",
		"search_files",
		"list_files",
		"list_code_definition_names",
		"browser_action",
		"use_mcp_tool",
		"access_mcp_resource",
		"ask_followup_question",
		"attempt_completion",
		"new_task",
		"plan_mode_respond",
		"load_mcp_documentation",
		"Tool Use Examples",
		"Example 1: Requesting to execute a command",
		"Example 2: Requesting to create a new file",
		"Example 3: Creating a new task",
		"Example 4: Requesting to make targeted edits to a file",
		"Example 5: Requesting to use an MCP tool",
		"Example 6: Another example of using an MCP tool (where the server name is a unique identifier such as a URL)",
		"Tool Use Guidelines",
		"AUTOMATIC TODO LIST MANAGEMENT",
		"MCP SERVERS",
		"Connected MCP Servers",
		"test-server (`test`)",
		"Available Tools",
		"EDITING FILES",
		"write_to_file",
		"Purpose",
		"When to Use",
		"Important Considerations",
		"replace_in_file",
		"Purpose",
		"When to Use",
		"Advantages",
		"Choosing the Appropriate Tool",
		"Auto-formatting Considerations",
		"Workflow Tips",
		"What is PLAN MODE?",
		"UPDATING TASK PROGRESS",
		"CAPABILITIES",
		"RULES",
		"SYSTEM INFORMATION",
		"OBJECTIVE"
	],
	"newGenericTitles": [
		"TOOL USE",
		"Tool Use Formatting",
		"Tools",
		"execute_command",
		"read_file",
		"write_to_file",
		"replace_in_file",
		"search_files",
		"list_files",
		"list_code_definition_names",
		"browser_action",
		"use_mcp_tool",
		"access_mcp_resource",
		"ask_followup_question",
		"attempt_completion",
		"new_task",
		"plan_mode_respond",
		"load_mcp_documentation",
		"Tool Use Examples",
		"Example 1: Requesting to execute a command",
		"Example 2: Requesting to create a new file",
		"Example 3: Creating a new task",
		"Example 4: Requesting to make targeted edits to a file",
		"Example 5: Requesting to use an MCP tool",
		"Example 6: Another example of using an MCP tool (where the server name is a unique identifier such as a URL)",
		"Tool Use Guidelines",
		"UPDATING TASK PROGRESS",
		"MCP SERVERS",
		"Connected MCP Servers",
		"test-server (`test`)",
		"Available Tools",
		"EDITING FILES",
		"write_to_file",
		"Purpose",
		"When to Use",
		"Important Considerations",
		"replace_in_file",
		"Purpose",
		"When to Use",
		"Advantages",
		"Choosing the Appropriate Tool",
		"Auto-formatting Considerations",
		"Workflow Tips",
		"What is PLAN MODE?",
		"AUTOMATIC TODO LIST MANAGEMENT",
		"CAPABILITIES",
		"RULES",
		"SYSTEM INFORMATION",
		"OBJECTIVE"
	],
	"keySections": [
		"TOOL USE",
		"Tools",
		"execute_command",
		"read_file",
		"write_to_file"
	],
	"summary": {
		"oldNextGenCount": 50,
		"newNextGenCount": 50,
		"oldGenericCount": 49,
		"newGenericCount": 49
	}
}
